npm error Missing script: "build"
npm error
npm error To see a list of scripts, run:
npm error   npm run
npm error A complete log of this run can be found in: C:\Users\ADMIN\AppData\Local\npm-cache\_logs\2026-03-25T11_27_04_113Z-debug-0.log
